1  diff_coffs
2  diff_coffs
3  diff_coffs
4  diff_coffs
5  diff_coffs
6  diff_coffs
7  diff_coffs
8  diff_coffs
9  diff_coffs
10  diff_coffs
11  diff_coffs
12  diff_coffs
13  diff_coffs
14  diff_coffs
15  diff_coffs
16  diff_coffs
17  diff_coffs
18  diff_coffs
19  diff_coffs
20  diff_coffs
21  diff_coffs
22  diff_coffs
23  diff_coffs
24  diff_coffs
25  diff_coffs
26  diff_coffs
27  diff_coffs
28  diff_coffs
29  diff_coffs
30  diff_coffs
31  diff_coffs
32  diff_coffs
33  diff_coffs
34  diff_coffs
35  diff_coffs
36  diff_coffs
37  diff_coffs
38  diff_coffs
39  diff_coffs
40  diff_coffs
41  diff_coffs
42  diff_coffs
43  diff_coffs
44  diff_coffs
45  diff_coffs
46  diff_coffs
47  diff_coffs
48  diff_coffs
49  diff_coffs
50  diff_coffs
51  diff_coffs
52  diff_coffs
53  diff_coffs
54  diff_coffs
55  diff_coffs
56  diff_coffs
57  region_rec_diffs
58  region_rec_diffs
59  region_rec_diffs
60  region_rec_diffs
61  region_rec_diffs
62  region_rec_diffs
63  region_rec_diffs
64  region_rec_diffs
65  region_rec_diffs
66  region_rec_diffs
67  region_rec_diffs
68  region_rec_diffs
69  region_rec_diffs
70  region_rec_diffs
71  region_rec_diffs
72  region_rec_diffs
73  region_rec_diffs
74  region_rec_diffs
75  region_rec_diffs
76  region_rec_diffs
77  region_rec_diffs
78  region_rec_diffs
79  region_rec_diffs
80  region_rec_diffs
81  region_rec_diffs
82  region_rec_diffs
83  region_rec_diffs
84  region_rec_diffs
85  region_rec_diffs
86  region_rec_diffs
87  region_rec_diffs
88  region_rec_diffs
89  region_rec_diffs
90  region_rec_diffs
91  region_rec_diffs
92  region_rec_diffs
93  region_rec_diffs
94  region_rec_diffs
95  region_rec_diffs
96  region_rec_diffs
97  region_rec_diffs
98  region_rec_diffs
99  region_rec_diffs
100  region_rec_diffs
101  region_rec_diffs
102  region_rec_diffs
103  region_rec_diffs
104  region_rec_diffs
105  region_rec_diffs
106  region_rec_diffs
107  region_rec_diffs
108  region_rec_diffs
109  region_rec_diffs
110  region_rec_diffs
111  region_rec_diffs
112  region_rec_diffs
113  region_rec_diffs
114  region_rec_diffs
115  region_rec_diffs
116  region_rec_diffs
117  region_rec_diffs
118  region_rec_diffs
119  region_rec_diffs
120  region_rec_diffs
121  region_rec_diffs
122  region_rec_diffs
123  region_rec_diffs
124  region_rec_diffs
125  region_rec_diffs
126  region_rec_diffs
127  region_rec_diffs
128  region_rec_diffs
129  region_rec_diffs
130  region_rec_diffs
131  region_rec_diffs
132  region_rec_diffs
133  region_rec_diffs
134  region_rec_diffs
135  region_rec_diffs
136  region_rec_diffs
137  region_rec_diffs
138  region_rec_diffs
139  region_rec_diffs
140  region_rec_diffs
141  region_rec_diffs
142  region_rec_diffs
143  region_rec_diffs
144  region_rec_diffs
145  region_rec_diffs
146  region_rec_diffs
147  region_rec_diffs
148  region_rec_diffs
149  region_rec_diffs
150  region_rec_diffs
151  region_rec_diffs
152  region_rec_diffs
153  region_rec_diffs
154  region_rec_diffs
155  region_rec_diffs
156  region_rec_diffs
157  region_rec_diffs
158  region_rec_diffs
159  region_rec_diffs
160  region_rec_diffs
161  region_rec_diffs
162  region_rec_diffs
163  region_rec_diffs
164  region_rec_diffs
165  region_rec_diffs
166  region_rec_diffs
167  region_rec_diffs
168  region_rec_diffs
169  region_rec_diffs
170  region_rec_diffs
171  region_rec_diffs
172  region_rec_diffs
173  region_rec_diffs
174  region_rec_diffs
175  region_rec_diffs
176  region_rec_diffs
177  region_rec_diffs
178  region_rec_diffs
179  region_rec_diffs
180  region_rec_diffs
181  region_rec_diffs
182  region_rec_diffs
183  region_rec_diffs
184  region_rec_diffs
185  region_rec_diffs
186  region_rec_diffs
187  region_rec_diffs
188  region_rec_diffs
189  region_rec_diffs
190  region_rec_diffs
191  region_rec_diffs
192  region_rec_diffs
193  region_rec_diffs
194  region_rec_diffs
195  region_rec_diffs
196  region_rec_diffs
197  region_rec_diffs
198  region_rec_diffs
199  region_rec_diffs
200  region_rec_diffs
201  region_rec_diffs
202  region_rec_diffs
203  region_rec_diffs
204  region_rec_diffs
205  region_rec_diffs
206  region_rec_diffs
207  region_rec_diffs
208  region_rec_diffs
209  region_rec_diffs
210  region_rec_diffs
211  region_rec_diffs
212  region_rec_diffs
213  region_rec_diffs
214  region_rec_diffs
215  region_rec_diffs
216  region_rec_diffs
217  region_rec_diffs
218  region_rec_diffs
219  region_rec_diffs
220  region_rec_diffs
221  region_rec_diffs
222  region_rec_diffs
223  region_rec_diffs
224  region_rec_diffs
225  region_rec_diffs
226  region_rec_diffs
227  region_rec_diffs
228  region_rec_diffs
229  region_rec_diffs
230  region_rec_diffs
231  region_rec_diffs
232  region_rec_diffs
233  region_rec_diffs
234  region_rec_diffs
235  region_rec_diffs
236  region_rec_diffs
237  region_rec_diffs
238  region_rec_diffs
239  region_rec_diffs
240  region_rec_diffs
241  region_rec_diffs
242  region_rec_diffs
243  region_rec_diffs
244  region_rec_diffs
245  region_rec_diffs
246  region_rec_diffs
247  region_rec_diffs
248  region_rec_diffs
249  region_rec_diffs
250  region_rec_diffs
251  region_rec_diffs
252  region_rec_diffs
253  region_rec_diffs
254  region_rec_diffs
255  region_rec_diffs
256  region_rec_diffs
257  region_rec_diffs
258  region_rec_diffs
259  region_rec_diffs
260  region_rec_diffs
261  region_rec_diffs
262  region_rec_diffs
263  region_rec_diffs
264  region_rec_diffs
265  region_rec_diffs
266  region_rec_diffs
267  region_rec_diffs
268  region_rec_diffs
269  region_rec_diffs
270  region_rec_diffs
271  region_rec_diffs
272  region_rec_diffs
273  region_rec_diffs
274  region_rec_diffs
275  region_rec_diffs
276  region_rec_diffs
277  region_rec_diffs
278  region_rec_diffs
279  region_rec_diffs
280  region_rec_diffs
281  region_rec_diffs
282  region_rec_diffs
283  region_rec_diffs
284  region_rec_diffs
285  region_rec_diffs
286  region_rec_diffs
287  region_rec_diffs
288  region_rec_diffs
289  region_rec_diffs
290  region_rec_diffs
291  region_rec_diffs
292  region_rec_diffs
293  region_rec_diffs
294  region_rec_diffs
295  region_rec_diffs
296  region_rec_diffs
297  region_rec_diffs
298  region_rec_diffs
299  region_rec_diffs
300  region_rec_diffs
301  region_rec_diffs
302  region_rec_diffs
303  region_rec_diffs
304  region_rec_diffs
305  region_rec_diffs
306  region_rec_diffs
307  region_rec_diffs
308  region_rec_diffs
309  region_rec_diffs
310  region_rec_diffs
311  region_rec_diffs
312  region_rec_diffs
313  region_rec_diffs
314  region_rec_diffs
315  region_rec_diffs
316  region_rec_diffs
317  region_rec_diffs
318  region_rec_diffs
319  region_rec_diffs
320  region_rec_diffs
321  region_rec_diffs
322  region_rec_diffs
323  region_rec_diffs
324  region_rec_diffs
325  region_rec_diffs
326  region_rec_diffs
327  region_rec_diffs
328  region_rec_diffs
329  region_rec_diffs
330  region_rec_diffs
331  region_rec_diffs
332  region_rec_diffs
333  region_rec_diffs
334  region_rec_diffs
335  region_rec_diffs
336  region_rec_diffs
337  region_rec_diffs
338  region_rec_diffs
339  region_rec_diffs
340  region_rec_diffs
341  region_rec_diffs
342  region_rec_diffs
343  region_rec_diffs
344  region_rec_diffs
345  region_rec_diffs
346  region_rec_diffs
347  region_rec_diffs
348  region_rec_diffs
349  region_rec_diffs
350  region_rec_diffs
351  region_rec_diffs
352  region_rec_diffs
353  region_rec_diffs
354  region_rec_diffs
355  region_rec_diffs
356  region_rec_diffs
357  region_rec_diffs
358  region_rec_diffs
359  region_rec_diffs
360  region_rec_diffs
361  region_rec_diffs
362  region_rec_diffs
363  region_rec_diffs
364  region_rec_diffs
365  region_rec_diffs
366  region_rec_diffs
367  region_rec_diffs
368  region_rec_diffs
369  region_rec_diffs
370  region_rec_diffs
371  region_rec_diffs
372  region_rec_diffs
373  region_rec_diffs
374  region_rec_diffs
375  region_rec_diffs
376  region_rec_diffs
377  region_rec_diffs
378  region_rec_diffs
379  region_rec_diffs
380  region_rec_diffs
381  region_rec_diffs
382  region_rec_diffs
383  region_rec_diffs
384  region_rec_diffs
385  region_rec_diffs
386  region_rec_diffs
387  region_rec_diffs
388  region_rec_diffs
389  region_rec_diffs
390  region_rec_diffs
391  region_rec_diffs
392  region_rec_diffs
393  region_rec_diffs
394  region_rec_diffs
395  region_rec_diffs
396  region_rec_diffs
397  region_rec_diffs
398  region_rec_diffs
399  region_rec_diffs
400  region_rec_diffs
401  region_rec_diffs
402  region_rec_diffs
403  region_rec_diffs
404  region_rec_diffs
405  region_rec_diffs
406  region_rec_diffs
407  region_rec_diffs
408  region_rec_diffs
409  region_rec_diffs
410  region_rec_diffs
411  region_rec_diffs
412  region_rec_diffs
413  region_rec_diffs
414  region_rec_diffs
415  region_rec_diffs
416  region_rec_diffs
417  region_rec_diffs
418  region_rec_diffs
419  region_rec_diffs
420  region_rec_diffs
421  region_rec_diffs
422  region_rec_diffs
423  region_rec_diffs
424  region_rec_diffs
425  region_rec_diffs
426  region_rec_diffs
427  region_rec_diffs
428  region_rec_diffs
429  region_rec_diffs
430  region_rec_diffs
431  region_rec_diffs
432  region_rec_diffs
433  region_rec_diffs
434  region_rec_diffs
435  region_rec_diffs
436  region_rec_diffs
437  region_rec_diffs
438  region_rec_diffs
439  region_rec_diffs
440  region_rec_diffs
441  region_rec_diffs
442  region_rec_diffs
443  region_rec_diffs
444  region_rec_diffs
445  region_rec_diffs
446  region_rec_diffs
447  region_rec_diffs
448  region_rec_diffs
449  region_rec_diffs
450  region_rec_diffs
451  region_rec_diffs
452  region_rec_diffs
453  region_rec_diffs
454  region_rec_diffs
455  region_rec_diffs
456  region_rec_diffs
457  region_rec_diffs
458  region_rec_diffs
459  region_rec_diffs
460  region_rec_diffs
461  region_rec_diffs
462  region_rec_diffs
463  region_rec_diffs
464  region_rec_diffs
465  region_rec_diffs
466  region_rec_diffs
467  region_rec_diffs
468  region_rec_diffs
469  region_rec_diffs
470  region_rec_diffs
471  region_rec_diffs
472  region_rec_diffs
473  region_rec_diffs
474  region_rec_diffs
475  region_rec_diffs
476  region_rec_diffs
477  region_rec_diffs
478  region_rec_diffs
479  region_rec_diffs
480  region_rec_diffs
481  region_rec_diffs
482  region_rec_diffs
483  region_rec_diffs
484  region_rec_diffs
485  region_rec_diffs
486  region_rec_diffs
487  region_rec_diffs
488  region_rec_diffs
489  region_rec_diffs
490  region_rec_diffs
491  region_rec_diffs
492  region_rec_diffs
493  region_rec_diffs
494  region_rec_diffs
495  region_rec_diffs
496  region_rec_diffs
497  region_rec_diffs
498  region_rec_diffs
499  region_rec_diffs
500  region_rec_diffs
501  region_rec_diffs
502  region_rec_diffs
503  region_rec_diffs
504  region_rec_diffs
505  region_rec_diffs
506  region_rec_diffs
507  region_rec_diffs
508  region_rec_diffs
509  region_rec_diffs
510  region_rec_diffs
511  region_rec_diffs
512  region_rec_diffs
513  region_rec_diffs
514  region_rec_diffs
515  region_rec_diffs
516  region_rec_diffs
517  region_rec_diffs
518  region_rec_diffs
519  region_rec_diffs
520  region_rec_diffs
521  region_rec_diffs
522  region_rec_diffs
523  region_rec_diffs
524  region_rec_diffs
525  region_rec_diffs
526  region_rec_diffs
527  region_rec_diffs
528  region_rec_diffs
529  region_rec_diffs
530  region_rec_diffs
531  region_rec_diffs
532  region_rec_diffs
533  region_rec_diffs
534  region_rec_diffs
535  region_rec_diffs
536  region_rec_diffs
537  region_rec_diffs
538  region_rec_diffs
539  region_rec_diffs
540  region_rec_diffs
541  region_rec_diffs
542  region_rec_diffs
543  region_rec_diffs
544  region_rec_diffs
545  region_rec_diffs
546  region_rec_diffs
547  region_rec_diffs
548  region_rec_diffs
549  region_rec_diffs
550  region_rec_diffs
551  region_rec_diffs
552  region_rec_diffs
553  region_rec_diffs
554  region_rec_diffs
555  region_rec_diffs
556  region_rec_diffs
557  region_rec_diffs
558  region_rec_diffs
559  region_rec_diffs
560  region_rec_diffs
561  region_rec_diffs
562  region_rec_diffs
563  region_rec_diffs
564  region_rec_diffs
565  region_rec_diffs
566  region_rec_diffs
567  region_rec_diffs
568  region_rec_diffs
569  region_rec_diffs
570  region_rec_diffs
571  region_rec_diffs
572  region_rec_diffs
573  region_rec_diffs
574  region_rec_diffs
575  region_rec_diffs
576  region_rec_diffs
577  region_rec_diffs
578  region_rec_diffs
579  region_rec_diffs
580  region_rec_diffs
581  region_rec_diffs
582  region_rec_diffs
583  region_rec_diffs
584  region_rec_diffs
585  region_rec_diffs
586  region_rec_diffs
587  region_rec_diffs
588  region_rec_diffs
589  region_rec_diffs
590  region_rec_diffs
591  region_rec_diffs
592  region_rec_diffs
593  region_rec_diffs
594  region_rec_diffs
595  region_rec_diffs
596  region_rec_diffs
597  region_rec_diffs
598  region_rec_diffs
599  region_rec_diffs
600  region_rec_diffs
601  region_rec_diffs
602  region_rec_diffs
603  region_rec_diffs
604  region_rec_diffs
605  region_rec_diffs
606  region_rec_diffs
607  region_rec_diffs
608  region_rec_diffs
609  region_rec_diffs
610  region_rec_diffs
611  region_rec_diffs
612  region_rec_diffs
613  region_rec_diffs
614  region_rec_diffs
615  region_rec_diffs
616  region_rec_diffs
617  region_rec_diffs
618  region_rec_diffs
619  region_rec_diffs
620  region_rec_diffs
621  region_rec_diffs
622  region_rec_diffs
623  region_rec_diffs
624  region_rec_diffs
625  region_rec_diffs
626  region_rec_diffs
627  region_rec_diffs
628  region_rec_diffs
629  region_rec_diffs
630  region_rec_diffs
631  region_rec_diffs
632  region_rec_diffs
633  region_rec_diffs
634  region_rec_diffs
635  region_rec_diffs
636  region_rec_diffs
637  region_rec_diffs
638  region_rec_diffs
639  region_rec_diffs
640  region_rec_diffs
641  region_rec_diffs
642  region_rec_diffs
643  region_rec_diffs
644  region_rec_diffs
645  region_rec_diffs
646  region_rec_diffs
647  region_rec_diffs
648  region_rec_diffs
649  region_rec_diffs
650  region_rec_diffs
651  region_rec_diffs
652  region_rec_diffs
653  region_rec_diffs
654  region_rec_diffs
655  region_rec_diffs
656  region_rec_diffs
657  region_rec_diffs
658  region_rec_diffs
659  region_rec_diffs
660  region_rec_diffs
661  region_rec_diffs
662  region_rec_diffs
663  region_rec_diffs
664  region_rec_diffs
665  region_rec_diffs
666  region_rec_diffs
667  region_rec_diffs
668  region_rec_diffs
669  region_rec_diffs
670  region_rec_diffs
671  region_rec_diffs
672  region_rec_diffs
673  region_rec_diffs
674  region_rec_diffs
675  region_rec_diffs
676  region_rec_diffs
677  region_rec_diffs
678  region_rec_diffs
679  region_rec_diffs
680  region_rec_diffs
681  region_rec_diffs
682  region_rec_diffs
683  region_rec_diffs
684  region_rec_diffs
685  region_rec_diffs
686  region_rec_diffs
687  region_rec_diffs
688  region_rec_diffs
689  region_rec_diffs
690  region_rec_diffs
691  region_rec_diffs
692  region_rec_diffs
693  region_rec_diffs
694  region_rec_diffs
695  region_rec_diffs
696  region_rec_diffs
697  region_rec_diffs
698  region_rec_diffs
699  region_rec_diffs
700  region_rec_diffs
701  region_rec_diffs
702  region_rec_diffs
703  region_rec_diffs
704  region_rec_diffs
705  region_rec_diffs
706  region_rec_diffs
707  region_rec_diffs
708  region_rec_diffs
709  region_rec_diffs
710  region_rec_diffs
711  region_rec_diffs
712  region_rec_diffs
713  region_rec_diffs
714  region_rec_diffs
715  region_rec_diffs
716  region_rec_diffs
717  region_rec_diffs
718  region_rec_diffs
719  region_rec_diffs
720  region_rec_diffs
721  region_rec_diffs
722  region_rec_diffs
723  region_rec_diffs
724  region_rec_diffs
725  region_rec_diffs
726  region_rec_diffs
727  region_rec_diffs
728  region_rec_diffs
729  region_rec_diffs
730  region_rec_diffs
731  region_rec_diffs
732  region_rec_diffs
733  region_rec_diffs
734  region_rec_diffs
735  region_rec_diffs
736  region_rec_diffs
737  region_rec_diffs
738  region_rec_diffs
739  region_rec_diffs
740  region_rec_diffs
741  region_rec_diffs
742  region_rec_diffs
743  region_rec_diffs
744  region_rec_diffs
745  region_rec_diffs
746  region_rec_diffs
747  region_rec_diffs
748  region_rec_diffs
749  region_rec_diffs
750  region_rec_diffs
751  region_rec_diffs
752  region_rec_diffs
753  region_rec_diffs
754  region_rec_diffs
755  region_rec_diffs
756  region_rec_diffs
757  region_rec_diffs
758  region_rec_diffs
759  region_rec_diffs
760  region_rec_diffs
761  region_rec_diffs
762  region_rec_diffs
763  region_rec_diffs
764  region_rec_diffs
765  region_rec_diffs
766  region_rec_diffs
767  region_rec_diffs
768  region_rec_diffs
769  region_rec_diffs
770  region_rec_diffs
771  region_rec_diffs
772  region_rec_diffs
773  region_rec_diffs
774  region_rec_diffs
775  region_rec_diffs
776  region_rec_diffs
777  region_rec_diffs
778  region_rec_diffs
779  region_rec_diffs
780  region_rec_diffs
781  region_rec_diffs
782  region_rec_diffs
783  region_rec_diffs
784  region_rec_diffs
785  region_rec_diffs
786  region_rec_diffs
787  region_rec_diffs
788  region_rec_diffs
789  region_rec_diffs
790  region_rec_diffs
791  region_rec_diffs
792  region_rec_diffs
793  region_rec_diffs
794  region_rec_diffs
795  region_rec_diffs
796  region_rec_diffs
797  region_rec_diffs
798  region_rec_diffs
799  region_rec_diffs
800  region_rec_diffs
801  region_rec_diffs
802  region_rec_diffs
803  region_rec_diffs
804  region_rec_diffs
805  region_rec_diffs
806  region_rec_diffs
807  region_rec_diffs
808  region_rec_diffs
809  region_rec_diffs
810  region_rec_diffs
811  region_rec_diffs
812  region_rec_diffs
813  region_rec_diffs
814  region_rec_diffs
815  region_rec_diffs
816  region_rec_diffs
817  region_rec_diffs
818  region_rec_diffs
819  region_rec_diffs
820  region_rec_diffs
821  region_rec_diffs
822  region_rec_diffs
823  region_rec_diffs
824  region_rec_diffs
825  region_rec_diffs
826  region_rec_diffs
827  region_rec_diffs
828  region_rec_diffs
829  region_rec_diffs
830  region_rec_diffs
831  region_rec_diffs
832  region_rec_diffs
833  region_rec_diffs
834  region_rec_diffs
835  region_rec_diffs
836  region_rec_diffs
837  region_rec_diffs
838  region_rec_diffs
839  region_rec_diffs
840  region_rec_diffs
841  region_rec_diffs
842  region_rec_diffs
843  region_rec_diffs
844  region_rec_diffs
845  region_rec_diffs
846  region_rec_diffs
847  region_rec_diffs
848  region_rec_diffs
849  region_rec_diffs
850  region_rec_diffs
851  region_rec_diffs
852  region_rec_diffs
853  region_rec_diffs
854  region_rec_diffs
855  region_rec_diffs
856  region_rec_diffs
857  region_rec_diffs
858  region_rec_diffs
859  region_rec_diffs
860  region_rec_diffs
861  region_rec_diffs
862  region_rec_diffs
863  region_rec_diffs
864  region_rec_diffs
865  region_rec_diffs
866  region_rec_diffs
867  region_rec_diffs
868  region_rec_diffs
869  region_rec_diffs
870  region_rec_diffs
871  region_rec_diffs
872  region_rec_diffs
873  region_rec_diffs
874  region_rec_diffs
875  region_rec_diffs
876  region_rec_diffs
877  region_rec_diffs
878  region_rec_diffs
879  region_rec_diffs
880  region_rec_diffs
881  region_rec_diffs
882  region_rec_diffs
883  region_rec_diffs
884  region_rec_diffs
885  region_rec_diffs
886  region_rec_diffs
887  region_rec_diffs
888  region_rec_diffs
889  region_rec_diffs
890  region_rec_diffs
891  region_rec_diffs
892  region_rec_diffs
893  region_rec_diffs
894  region_rec_diffs
895  region_rec_diffs
896  region_rec_diffs
897  region_rec_diffs
898  region_rec_diffs
899  region_rec_diffs
900  region_rec_diffs
901  region_rec_diffs
902  region_rec_diffs
903  region_rec_diffs
904  region_rec_diffs
905  region_rec_diffs
906  region_rec_diffs
907  region_rec_diffs
908  region_rec_diffs
909  region_rec_diffs
910  region_rec_diffs
911  region_rec_diffs
912  region_rec_diffs
913  region_rec_diffs
914  region_rec_diffs
915  region_rec_diffs
916  region_rec_diffs
917  region_rec_diffs
918  region_rec_diffs
919  region_rec_diffs
920  region_rec_diffs
921  region_rec_diffs
922  region_rec_diffs
923  region_rec_diffs
924  region_rec_diffs
925  region_rec_diffs
926  region_rec_diffs
927  region_rec_diffs
928  region_rec_diffs
929  region_rec_diffs
930  region_rec_diffs
931  region_rec_diffs
932  region_rec_diffs
933  region_rec_diffs
934  region_rec_diffs
935  region_rec_diffs
936  region_rec_diffs
937  region_rec_diffs
938  region_rec_diffs
939  region_rec_diffs
940  region_rec_diffs
941  region_rec_diffs
942  region_rec_diffs
943  region_rec_diffs
944  region_rec_diffs
945  region_rec_diffs
946  region_rec_diffs
947  region_rec_diffs
948  region_rec_diffs
949  region_rec_diffs
950  region_rec_diffs
951  region_rec_diffs
952  region_rec_diffs
953  region_rec_diffs
954  region_rec_diffs
955  region_rec_diffs
956  region_rec_diffs
957  region_rec_diffs
958  region_rec_diffs
959  region_rec_diffs
960  region_rec_diffs
961  region_rec_diffs
962  region_rec_diffs
963  region_rec_diffs
964  region_rec_diffs
965  region_rec_diffs
966  region_rec_diffs
967  region_rec_diffs
968  region_rec_diffs
969  region_rec_diffs
970  region_rec_diffs
971  region_rec_diffs
972  region_rec_diffs
973  region_rec_diffs
974  region_rec_diffs
975  region_rec_diffs
976  region_rec_diffs
977  region_rec_diffs
978  region_rec_diffs
979  region_rec_diffs
980  region_rec_diffs
981  region_rec_diffs
982  region_rec_diffs
983  region_rec_diffs
984  region_rec_diffs
985  region_rec_diffs
986  region_rec_diffs
987  region_rec_diffs
988  region_rec_diffs
989  region_rec_diffs
990  region_rec_diffs
991  region_rec_diffs
992  region_rec_diffs
993  region_rec_diffs
994  region_rec_diffs
995  region_rec_diffs
996  region_rec_diffs
997  region_rec_diffs
998  region_rec_diffs
999  region_rec_diffs
1000  region_rec_diffs
1001  region_rec_diffs
1002  region_rec_diffs
1003  region_rec_diffs
1004  region_rec_diffs
1005  region_rec_diffs
1006  region_rec_diffs
1007  region_rec_diffs
1008  region_rec_diffs
1009  region_rec_diffs
1010  region_rec_diffs
1011  region_rec_diffs
1012  region_rec_diffs
1013  region_rec_diffs
1014  region_rec_diffs
1015  region_rec_diffs
1016  region_rec_diffs
1017  region_rec_diffs
1018  region_rec_diffs
1019  region_rec_diffs
1020  region_rec_diffs
1021  region_rec_diffs
1022  region_rec_diffs
1023  region_rec_diffs
1024  region_rec_diffs
1025  region_rec_diffs
1026  region_rec_diffs
1027  region_rec_diffs
1028  region_rec_diffs
1029  region_rec_diffs
1030  region_rec_diffs
1031  region_rec_diffs
1032  region_rec_diffs
1033  region_rec_diffs
1034  region_rec_diffs
1035  region_rec_diffs
1036  region_rec_diffs
1037  region_rec_diffs
1038  region_rec_diffs
1039  region_rec_diffs
1040  region_rec_diffs
1041  region_rec_diffs
1042  region_rec_diffs
1043  region_rec_diffs
1044  region_rec_diffs
1045  region_rec_diffs
1046  region_rec_diffs
1047  region_rec_diffs
1048  region_rec_diffs
1049  region_rec_diffs
1050  region_rec_diffs
1051  region_rec_diffs
1052  region_rec_diffs
1053  region_rec_diffs
1054  region_rec_diffs
1055  region_rec_diffs
1056  region_rec_diffs
1057  region_rec_diffs
1058  region_rec_diffs
1059  region_rec_diffs
1060  region_rec_diffs
1061  region_rec_diffs
1062  region_rec_diffs
1063  region_rec_diffs
1064  region_rec_diffs
1065  region_rec_diffs
1066  region_rec_diffs
1067  region_rec_diffs
1068  region_rec_diffs
1069  region_rec_diffs
1070  region_rec_diffs
1071  region_rec_diffs
1072  region_rec_diffs
1073  region_rec_diffs
1074  region_rec_diffs
1075  region_rec_diffs
1076  region_rec_diffs
1077  region_rec_diffs
1078  region_rec_diffs
1079  region_rec_diffs
1080  region_rec_diffs
1081  region_rec_diffs
1082  region_rec_diffs
1083  region_rec_diffs
1084  region_rec_diffs
1085  region_rec_diffs
1086  region_rec_diffs
1087  region_rec_diffs
1088  region_rec_diffs
1089  region_rec_diffs
1090  region_rec_diffs
1091  region_rec_diffs
1092  region_rec_diffs
1093  region_rec_diffs
1094  region_rec_diffs
1095  region_rec_diffs
1096  region_rec_diffs
1097  region_rec_diffs
1098  region_rec_diffs
1099  region_rec_diffs
1100  region_rec_diffs
1101  region_rec_diffs
1102  region_rec_diffs
1103  region_rec_diffs
1104  region_rec_diffs
1105  region_rec_diffs
1106  region_rec_diffs
1107  region_rec_diffs
1108  region_rec_diffs
1109  region_rec_diffs
1110  region_rec_diffs
1111  region_rec_diffs
1112  region_rec_diffs
1113  region_rec_diffs
1114  region_rec_diffs
1115  region_rec_diffs
1116  region_rec_diffs
1117  region_rec_diffs
1118  region_rec_diffs
1119  region_rec_diffs
1120  region_rec_diffs
1121  region_rec_diffs
1122  region_rec_diffs
1123  region_rec_diffs
1124  region_rec_diffs
1125  region_rec_diffs
1126  region_rec_diffs
1127  region_rec_diffs
1128  region_rec_diffs
1129  region_rec_diffs
1130  region_rec_diffs
1131  region_rec_diffs
1132  region_rec_diffs
1133  region_rec_diffs
1134  region_rec_diffs
1135  region_rec_diffs
1136  region_rec_diffs
1137  region_rec_diffs
1138  region_rec_diffs
1139  region_rec_diffs
1140  region_rec_diffs
1141  region_rec_diffs
1142  region_rec_diffs
1143  region_rec_diffs
1144  region_rec_diffs
1145  region_rec_diffs
1146  region_rec_diffs
1147  region_rec_diffs
1148  region_rec_diffs
1149  region_rec_diffs
1150  region_rec_diffs
1151  region_rec_diffs
1152  region_rec_diffs
1153  region_rec_diffs
1154  region_rec_diffs
1155  region_rec_diffs
1156  region_rec_diffs
1157  region_rec_diffs
1158  region_rec_diffs
1159  region_rec_diffs
1160  region_rec_diffs
1161  region_rec_diffs
1162  region_rec_diffs
1163  region_rec_diffs
1164  region_rec_diffs
1165  region_rec_diffs
1166  region_rec_diffs
1167  region_rec_diffs
1168  region_rec_diffs
1169  region_rec_diffs
1170  region_rec_diffs
1171  region_rec_diffs
1172  region_rec_diffs
1173  region_rec_diffs
1174  region_rec_diffs
1175  region_rec_diffs
1176  region_rec_diffs
1177  region_rec_diffs
1178  region_rec_diffs
1179  region_rec_diffs
1180  region_rec_diffs
1181  region_rec_diffs
1182  region_rec_diffs
1183  region_rec_diffs
1184  region_rec_diffs
1185  region_rec_diffs
1186  region_rec_diffs
1187  region_rec_diffs
1188  region_rec_diffs
1189  region_rec_diffs
1190  region_rec_diffs
1191  region_rec_diffs
1192  region_rec_diffs
1193  region_rec_diffs
1194  region_rec_diffs
1195  region_rec_diffs
1196  region_rec_diffs
1197  region_rec_diffs
1198  region_rec_diffs
1199  region_rec_diffs
1200  region_rec_diffs
1201  region_rec_diffs
1202  region_rec_diffs
1203  region_rec_diffs
1204  region_rec_diffs
1205  region_rec_diffs
1206  region_rec_diffs
1207  region_rec_diffs
1208  region_rec_diffs
1209  region_rec_diffs
1210  region_rec_diffs
1211  region_rec_diffs
1212  region_rec_diffs
1213  region_rec_diffs
1214  region_rec_diffs
1215  region_rec_diffs
1216  region_rec_diffs
1217  region_rec_diffs
1218  region_rec_diffs
1219  region_rec_diffs
1220  region_rec_diffs
1221  region_rec_diffs
1222  region_rec_diffs
1223  region_rec_diffs
1224  region_rec_diffs
1225  region_rec_diffs
1226  region_rec_diffs
1227  region_rec_diffs
1228  region_rec_diffs
1229  region_rec_diffs
1230  region_rec_diffs
1231  region_rec_diffs
1232  region_rec_diffs
1233  region_rec_diffs
1234  region_rec_diffs
1235  region_rec_diffs
1236  region_rec_diffs
1237  region_rec_diffs
1238  region_rec_diffs
1239  region_rec_diffs
1240  region_rec_diffs
1241  region_rec_diffs
1242  region_rec_diffs
1243  region_rec_diffs
1244  region_rec_diffs
1245  region_rec_diffs
1246  region_rec_diffs
1247  region_rec_diffs
1248  region_rec_diffs
1249  region_rec_diffs
1250  region_rec_diffs
1251  region_rec_diffs
1252  region_rec_diffs
1253  region_rec_diffs
1254  region_rec_diffs
1255  region_rec_diffs
1256  region_rec_diffs
1257  region_rec_diffs
1258  region_rec_diffs
1259  region_rec_diffs
1260  region_rec_diffs
1261  region_rec_diffs
1262  region_rec_diffs
1263  region_rec_diffs
1264  region_rec_diffs
1265  region_rec_diffs
1266  region_rec_diffs
1267  region_rec_diffs
1268  region_rec_diffs
1269  region_rec_diffs
1270  region_rec_diffs
1271  region_rec_diffs
1272  region_rec_diffs
1273  region_rec_diffs
1274  region_rec_diffs
1275  region_rec_diffs
1276  region_rec_diffs
1277  region_rec_diffs
1278  region_rec_diffs
1279  region_rec_diffs
1280  region_rec_diffs
1281  region_rec_diffs
1282  region_rec_diffs
1283  region_rec_diffs
1284  region_rec_diffs
1285  region_rec_diffs
1286  region_rec_diffs
1287  region_rec_diffs
1288  region_rec_diffs
1289  region_rec_diffs
1290  region_rec_diffs
1291  region_rec_diffs
1292  region_rec_diffs
1293  region_rec_diffs
1294  region_rec_diffs
1295  region_rec_diffs
1296  region_rec_diffs
1297  region_rec_diffs
1298  region_rec_diffs
1299  region_rec_diffs
1300  region_rec_diffs
1301  region_rec_diffs
1302  region_rec_diffs
1303  region_rec_diffs
1304  region_rec_diffs
1305  region_rec_diffs
1306  region_rec_diffs
1307  region_rec_diffs
1308  region_rec_diffs
1309  region_rec_diffs
1310  region_rec_diffs
1311  region_rec_diffs
1312  region_rec_diffs
1313  region_rec_diffs
1314  region_rec_diffs
1315  region_rec_diffs
1316  region_rec_diffs
1317  region_rec_diffs
1318  region_rec_diffs
1319  region_rec_diffs
1320  region_rec_diffs
1321  region_rec_diffs
1322  region_rec_diffs
1323  region_rec_diffs
1324  region_rec_diffs
1325  region_rec_diffs
1326  region_rec_diffs
1327  region_rec_diffs
1328  region_rec_diffs
1329  region_rec_diffs
1330  region_rec_diffs
1331  region_rec_diffs
1332  region_rec_diffs
1333  region_rec_diffs
1334  region_rec_diffs
1335  region_rec_diffs
1336  region_rec_diffs
1337  region_rec_diffs
1338  region_rec_diffs
1339  region_rec_diffs
1340  region_rec_diffs
1341  region_rec_diffs
1342  region_rec_diffs
1343  region_rec_diffs
1344  region_rec_diffs
1345  region_rec_diffs
1346  region_rec_diffs
1347  region_rec_diffs
1348  region_rec_diffs
1349  region_rec_diffs
1350  region_rec_diffs
1351  region_rec_diffs
1352  region_rec_diffs
1353  region_rec_diffs
1354  region_rec_diffs
1355  region_rec_diffs
1356  region_rec_diffs
1357  region_rec_diffs
1358  region_rec_diffs
1359  region_rec_diffs
1360  region_rec_diffs
1361  region_rec_diffs
1362  region_rec_diffs
1363  region_rec_diffs
1364  region_rec_diffs
1365  region_rec_diffs
1366  region_rec_diffs
1367  region_rec_diffs
1368  region_rec_diffs
1369  region_rec_diffs
1370  region_rec_diffs
1371  region_rec_diffs
1372  region_rec_diffs
1373  region_rec_diffs
1374  region_rec_diffs
1375  region_rec_diffs
1376  region_rec_diffs
1377  region_rec_diffs
1378  region_rec_diffs
1379  region_rec_diffs
1380  region_rec_diffs
1381  region_rec_diffs
1382  region_rec_diffs
1383  region_rec_diffs
1384  region_rec_diffs
1385  region_rec_diffs
1386  region_rec_diffs
1387  region_rec_diffs
1388  region_rec_diffs
1389  region_rec_diffs
1390  region_rec_diffs
1391  region_rec_diffs
1392  region_rec_diffs
1393  region_rec_diffs
1394  region_rec_diffs
1395  region_rec_diffs
1396  region_rec_diffs
1397  region_rec_diffs
1398  region_rec_diffs
1399  region_rec_diffs
1400  region_rec_diffs
1401  region_rec_diffs
1402  region_rec_diffs
1403  region_rec_diffs
1404  region_rec_diffs
1405  region_rec_diffs
1406  region_rec_diffs
1407  region_rec_diffs
1408  region_rec_diffs
1409  region_rec_diffs
1410  region_rec_diffs
1411  region_rec_diffs
1412  region_rec_diffs
1413  region_rec_diffs
1414  region_rec_diffs
1415  region_rec_diffs
1416  region_rec_diffs
1417  region_rec_diffs
1418  region_rec_diffs
1419  region_rec_diffs
1420  region_rec_diffs
1421  region_rec_diffs
1422  region_rec_diffs
1423  region_rec_diffs
1424  region_rec_diffs
1425  region_rec_diffs
1426  region_rec_diffs
1427  region_rec_diffs
1428  region_rec_diffs
1429  region_rec_diffs
1430  region_rec_diffs
1431  region_rec_diffs
1432  region_rec_diffs
1433  region_rec_diffs
1434  region_rec_diffs
1435  region_rec_diffs
1436  region_rec_diffs
1437  region_rec_diffs
1438  region_rec_diffs
1439  region_rec_diffs
1440  region_rec_diffs
1441  region_rec_diffs
1442  region_rec_diffs
1443  region_rec_diffs
1444  region_rec_diffs
1445  region_rec_diffs
1446  region_rec_diffs
1447  region_rec_diffs
1448  region_rec_diffs
1449  region_rec_diffs
1450  region_rec_diffs
1451  region_rec_diffs
1452  bs_selcoff(1,1,1,1)
1453  bs_selcoff(1,1,1,2)
1454  bs_selcoff(1,1,1,3)
1455  bs_selcoff(1,1,1,4)
1456  bs_selcoff(1,1,1,5)
1457  bs_selcoff(2,1,1,1)
1458  bs_selcoff(2,1,1,2)
1459  bs_selcoff(2,1,1,3)
1460  bs_selcoff(2,1,1,4)
1461  bs_selcoff(2,1,1,5)
1462  bs_selcoff(3,1,1,1)
1463  bs_selcoff(3,1,1,2)
1464  bs_selcoff(3,1,1,3)
1465  bs_selcoff(3,1,1,4)
1466  bs_selcoff(3,1,1,5)
1467  bs_selcoff(4,1,1,1)
1468  bs_selcoff(4,1,1,2)
1469  bs_selcoff(4,1,1,3)
1470  bs_selcoff(4,1,1,4)
1471  bs_selcoff(4,1,1,5)
1472  bs_selcoff(5,1,1,1)
1473  bs_selcoff(5,1,1,2)
1474  bs_selcoff(5,1,1,3)
1475  bs_selcoff(5,1,1,4)
1476  bs_selcoff(5,1,1,5)
1477  bs_selcoff(6,1,1,1)
1478  bs_selcoff(6,1,1,2)
1479  bs_selcoff(6,1,1,3)
1480  bs_selcoff(6,1,1,4)
1481  bs_selcoff(6,1,1,5)
1482  bs_selcoff(7,1,1,1)
1483  bs_selcoff(7,1,1,2)
1484  bs_selcoff(7,1,1,3)
1485  bs_selcoff(7,1,1,4)
1486  bs_selcoff(7,1,1,5)
1487  bs_selcoff(8,1,1,1)
1488  bs_selcoff(8,1,1,2)
1489  bs_selcoff(8,1,1,3)
1490  bs_selcoff(8,1,1,4)
1491  bs_selcoff(8,1,1,5)
1492  bs_selcoff(9,1,1,1)
1493  bs_selcoff(9,1,1,2)
1494  bs_selcoff(9,1,1,3)
1495  bs_selcoff(9,1,1,4)
1496  bs_selcoff(9,1,1,5)
1497  bs_selcoff(10,1,1,1)
1498  bs_selcoff(10,1,1,2)
1499  bs_selcoff(10,1,1,3)
1500  bs_selcoff(10,1,1,4)
1501  bs_selcoff(10,1,1,5)
1502  bs_selcoff(11,1,1,1)
1503  bs_selcoff(11,1,1,2)
1504  bs_selcoff(11,1,1,3)
1505  bs_selcoff(11,1,1,4)
1506  bs_selcoff(11,1,1,5)
1507  bs_selcoff(12,1,1,1)
1508  bs_selcoff(12,1,1,2)
1509  bs_selcoff(12,1,1,3)
1510  bs_selcoff(12,1,1,4)
1511  bs_selcoff(12,1,1,5)
1512  bs_selcoff(13,1,1,1)
1513  bs_selcoff(13,1,1,2)
1514  bs_selcoff(13,1,1,3)
1515  bs_selcoff(13,1,1,4)
1516  bs_selcoff(13,1,1,5)
1517  bs_selcoff(14,1,1,1)
1518  bs_selcoff(14,1,1,2)
1519  bs_selcoff(14,1,1,3)
1520  bs_selcoff(14,1,1,4)
1521  bs_selcoff(14,1,1,5)
1522  bs_selcoff(15,1,1,1)
1523  bs_selcoff(15,1,1,2)
1524  bs_selcoff(15,1,1,3)
1525  bs_selcoff(15,1,1,4)
1526  bs_selcoff(15,1,1,5)
1527  bs_selcoff(16,1,1,1)
1528  bs_selcoff(16,1,1,2)
1529  bs_selcoff(16,1,1,3)
1530  bs_selcoff(16,1,1,4)
1531  bs_selcoff(16,1,1,5)
1532  bs_selcoff(17,1,1,1)
1533  bs_selcoff(17,1,1,2)
1534  bs_selcoff(17,1,1,3)
1535  bs_selcoff(17,1,1,4)
1536  bs_selcoff(17,1,1,5)
1537  bs_selcoff(18,1,1,1)
1538  bs_selcoff(18,1,1,2)
1539  bs_selcoff(18,1,1,3)
1540  bs_selcoff(18,1,1,4)
1541  bs_selcoff(18,1,1,5)
1542  bs_selcoff(19,1,1,1)
1543  bs_selcoff(19,1,1,2)
1544  bs_selcoff(19,1,1,3)
1545  bs_selcoff(19,1,1,4)
1546  bs_selcoff(19,1,1,5)
1547  bs_selcoff(20,1,1,1)
1548  bs_selcoff(20,1,1,2)
1549  bs_selcoff(20,1,1,3)
1550  bs_selcoff(20,1,1,4)
1551  bs_selcoff(20,1,1,5)
1552  bs_selcoff(21,1,1,1)
1553  bs_selcoff(21,1,1,2)
1554  bs_selcoff(21,1,1,3)
1555  bs_selcoff(21,1,1,4)
1556  bs_selcoff(21,1,1,5)
1557  bs_selcoff(22,1,1,1)
1558  bs_selcoff(22,1,1,2)
1559  bs_selcoff(22,1,1,3)
1560  bs_selcoff(22,1,1,4)
1561  bs_selcoff(22,1,1,5)
1562  bs_selcoff(23,1,1,1)
1563  bs_selcoff(23,1,1,2)
1564  bs_selcoff(23,1,1,3)
1565  bs_selcoff(23,1,1,4)
1566  bs_selcoff(23,1,1,5)
1567  bs_selcoff(24,1,1,1)
1568  bs_selcoff(24,1,1,2)
1569  bs_selcoff(24,1,1,3)
1570  bs_selcoff(24,1,1,4)
1571  bs_selcoff(24,1,1,5)
1572  bs_selcoff(25,1,1,1)
1573  bs_selcoff(25,1,1,2)
1574  bs_selcoff(25,1,1,3)
1575  bs_selcoff(25,1,1,4)
1576  bs_selcoff(25,1,1,5)
1577  bs_selcoff(26,1,1,1)
1578  bs_selcoff(26,1,1,2)
1579  bs_selcoff(26,1,1,3)
1580  bs_selcoff(26,1,1,4)
1581  bs_selcoff(26,1,1,5)
1582  bs_selcoff(27,1,1,1)
1583  bs_selcoff(27,1,1,2)
1584  bs_selcoff(27,1,1,3)
1585  bs_selcoff(27,1,1,4)
1586  bs_selcoff(27,1,1,5)
1587  bs_selcoff(28,1,1,1)
1588  bs_selcoff(28,1,1,2)
1589  bs_selcoff(28,1,1,3)
1590  bs_selcoff(28,1,1,4)
1591  bs_selcoff(28,1,1,5)
1592  bs_selcoff(29,1,1,1)
1593  bs_selcoff(29,1,1,2)
1594  bs_selcoff(29,1,1,3)
1595  bs_selcoff(29,1,1,4)
1596  bs_selcoff(29,1,1,5)
1597  bs_selcoff(30,1,1,1)
1598  bs_selcoff(30,1,1,2)
1599  bs_selcoff(30,1,1,3)
1600  bs_selcoff(30,1,1,4)
1601  bs_selcoff(30,1,1,5)
1602  bs_selcoff(31,1,1,1)
1603  bs_selcoff(31,1,1,2)
1604  bs_selcoff(31,1,1,3)
1605  bs_selcoff(31,1,1,4)
1606  bs_selcoff(31,1,1,5)
1607  bs_selcoff(32,1,1,1)
1608  bs_selcoff(32,1,1,2)
1609  bs_selcoff(32,1,1,3)
1610  bs_selcoff(32,1,1,4)
1611  bs_selcoff(32,1,1,5)
1612  bs_selcoff(33,1,1,1)
1613  bs_selcoff(33,1,1,2)
1614  bs_selcoff(33,1,1,3)
1615  bs_selcoff(33,1,1,4)
1616  bs_selcoff(33,1,1,5)
1617  bs_selcoff(34,1,1,1)
1618  bs_selcoff(34,1,1,2)
1619  bs_selcoff(34,1,1,3)
1620  bs_selcoff(34,1,1,4)
1621  bs_selcoff(34,1,1,5)
1622  bs_selcoff(35,1,1,1)
1623  bs_selcoff(35,1,1,2)
1624  bs_selcoff(35,1,1,3)
1625  bs_selcoff(35,1,1,4)
1626  bs_selcoff(35,1,1,5)
1627  bs_selcoff(36,1,1,1)
1628  bs_selcoff(36,1,1,2)
1629  bs_selcoff(36,1,1,3)
1630  bs_selcoff(36,1,1,4)
1631  bs_selcoff(36,1,1,5)
1632  bs_selcoff(37,1,1,1)
1633  bs_selcoff(37,1,1,2)
1634  bs_selcoff(37,1,1,3)
1635  bs_selcoff(37,1,1,4)
1636  bs_selcoff(37,1,1,5)
1597  recr
1598  recr
1599  recr
1600  recr
1601  recr
1602  recr
1603  recr
1604  recr
1605  recr
1606  recr
1607  recr
1608  recr
1609  recr
1610  recr
1611  recr
1612  recr
1613  recr
1614  recr
1615  recr
1616  recr
1617  recr
1618  recr
1619  recr
1620  recr
1621  recr
1622  recr
1623  recr
1624  recr
1625  recr
1626  recr
1627  recr
1628  recr
1629  recr
1630  recr
1631  recr
1632  recr
1633  recr
1634  recr
1635  recr
1636  recr
1637  recr
1638  recr
1639  recr
1640  recr
1641  recr
1642  recr
1643  recr
1644  recr
1645  recr
1646  recr
1647  recr
1648  recr
1649  recr
1650  recr
1651  recr
1652  recr
1653  recr
1654  recr
1655  recr
1656  recr
1657  recr
1658  recr
1659  recr
1660  recr
1661  recr
1662  recr
1663  recr
1664  recr
1665  recr
1666  recr
1667  recr
1668  recr
1669  recr
1670  recr
1671  recr
1672  recr
1673  recr
1674  recr
1675  recr
1676  recr
1677  recr
1678  recr
1679  recr
1680  recr
1681  recr
1682  recr
1683  recr
1684  recr
1685  recr
1686  recr
1687  recr
1688  recr
1689  recr
1690  recr
1691  recr
1692  recr
1693  recr
1694  recr
1695  recr
1696  recr
1697  recr
1698  recr
1699  recr
1700  recr
1701  recr
1702  recr
1703  recr
1704  recr
1705  recr
1706  recr
1707  recr
1708  recr
1709  recr
1710  recr
1711  recr
1712  recr
1713  recr
1714  recr
1715  recr
1716  recr
1717  recr
1718  recr
1719  recr
1720  recr
1721  recr
1722  recr
1723  recr
1724  recr
1725  recr
1726  recr
1727  recr
1728  recr
1729  recr
1730  recr
1731  recr
1732  recr
1733  recr
1734  recr
1735  recr
1736  recr
1737  recr
1738  recr
1739  recr
1740  recr
1741  recr
1742  recr
1743  recr
1744  recr
1745  recr
1746  recr
1747  recr
1748  recr
1749  recr
1750  recr
1751  recr
1752  recr
1753  recr
1754  recr
1755  recr
1756  recr
1757  recr
1758  recr
1759  recr
1760  recr
1761  recr
1762  recr
1763  recr
1764  recr
1765  recr
1766  recr
1767  recr
1768  recr
1769  recr
1770  recr
1771  recr
1772  recr
1773  recr
1774  recr
1775  recr
1776  recr
1777  recr
1778  recr
1779  recr
1780  recr
1781  recr
1782  recr
1783  recr
1784  recr
1785  recr
1786  recr
1787  recr
1788  recr
1789  recr
1790  recr
1791  recr
1792  recr
1793  recr
1794  recr
1795  recr
1796  recr
1797  recr
1798  recr
1799  recr
1800  recr
1801  recr
1802  recr
1803  recr
1804  recr
1805  recr
1806  recr
1807  recr
1808  recr
1809  recr
1810  recr
1811  recr
1812  recr
1813  recr
1814  recr
1815  recr
1816  recr
1817  recr
1818  recr
1819  recr
1820  recr
1821  recr
1822  recr
1823  recr
1824  recr
1825  recr
1826  recr
1827  recr
1828  recr
1829  recr
1830  recr
1831  recr
1832  recr
1833  recr
1834  recr
1835  recr
1836  recr
1837  recr
1838  recr
1839  recr
1840  recr
1841  recr
1842  recr
1843  recr
1844  recr
1845  recr
1846  recr
1847  recr
1848  recr
1849  recr
1850  recr
1851  recr
1852  recr
1853  recr
1854  recr
1855  recr
1856  recr
1857  recr
1858  recr
1859  recr
1860  recr
1861  recr
1862  recr
1863  recr
1864  recr
1865  recr
1866  recr
1867  recr
1868  recr
1869  recr
1870  totpop
1871  fish_pars(3)
1872  fish_pars(3)
1873  fish_pars(3)
1874  fish_pars(3)
1875  fish_pars(3)
1876  fish_pars(3)
1877  fish_pars(3)
1878  fish_pars(3)
1879  fish_pars(3)
1880  fish_pars(3)
1881  fish_pars(3)
1882  fish_pars(3)
1883  fish_pars(3)
1884  fish_pars(3)
1885  fish_pars(3)
1886  fish_pars(3)
1887  fish_pars(3)
1888  fish_pars(3)
1889  fish_pars(3)
1890  fish_pars(3)
1891  region_pars(1)
1892  region_pars(1)
1893  region_pars(1)
1894  region_pars(1)
1895  region_pars(1)
1896  sv(21)
1897  age_pars(5)
1898  vb_coff(2)
1899  vb_coff(3)
1900  var_coff(1)
1901  var_coff(2)
